// Jest Snapshot v1, https://goo.gl/fbAQLP

exports[`suggestions apply suggestions:   1`] = `"foobar"`;

exports[`suggestions apply suggestions: fo bar 1`] = `"没有此命令。你要找的是不是“foo”？发送空行以调用推测的指令。"`;

exports[`suggestions execute command: foo bar 1`] = `"foobar"`;

exports[`suggestions ignore suggestions 1: fo bar 1`] = `"没有此命令。你要找的是不是“foo”？发送空行以调用推测的指令。"`;

exports[`suggestions ignore suggestions 2: fo bar 1`] = `"没有此命令。你要找的是不是“foo”？发送空行以调用推测的指令。"`;

exports[`suggestions multiple suggestions: fool bar 1`] = `"没有此命令。你要找的是不是“foo”或“fooo”？"`;
